// Jest Snapshot v1, https://goo.gl/fbAQLP

exports[`<App /> container tests should render and match the snapshot 1`] = `
<div>
  <header
    class="ant-layout-header Header__StyledHeader-a7tfu0-0 eDpQQE"
    data-testid="header"
  >
    <a
      href="/"
    >
      <img
        alt="logo"
        class="Header__Logo-a7tfu0-1 hbWjcY"
        src="IMAGE_MOCK"
      />
    </a>
    <p
      class="T__StyledText-gcrjip-0 emthK Header__Title-a7tfu0-2 elUMIm"
      data-testid="t"
    >
      Wednesday Solutions
    </p>
  </header>
  <section
    class="ant-layout App__CustomLayout-di9tar-0 gvzqHR"
  >
    <div
      class="Siderbar__SidebarWrapper-qw2kux-0 gaTYUT"
    >
      <div
        class="Siderbar__SideBarStatic-qw2kux-2 lhyiGU"
        data-testid="sidebar"
      >
        <a
          aria-label="home link"
          data-testid="rocket-home-link"
          href="/"
        >
          <img
            alt="rocket-icon"
            class="Siderbar__RocketLogo-qw2kux-3 iVxHgo"
            src="IMAGE_MOCK"
          />
        </a>
      </div>
    </div>
    <main
      class="ant-layout-content"
    />
  </section>
</div>
`;
